ASxxxx Linker V03.00 + NoICE + sdld,  page 1.
Hexadecimal  [32-Bits]

Area                                    Addr        Size        Decimal Bytes (Attributes)
--------------------------------        ----        ----        ------- ----- ------------
.  .ABS.                            00000000    00000000 =           0. bytes (ABS,CON)

      Value  Global                              Global Defined In Module
      -----  --------------------------------   ------------------------
     00000000  .__.ABS.                           cpct_firmware
     00000000  l__CABS                         
     00000000  l__DABS                         
     00000000  l__GSFINAL                      
     00000000  l__GSINIT                       
     00000000  l__HOME                         
     00000000  l__INITIALIZED                  
     00000000  l__INITIALIZER                  
     00000000  s__CABS                         
     00000000  s__DABS                         
     00000001  l__DATA                         
     00000040  s__CODE                         
     000000D8  l__CODE                         
     00000118  s__DATA                         
     00000119  s__GSFINAL                      
     00000119  s__GSINIT                       
     00000119  s__HOME                         
     00000119  s__INITIALIZED                  
     00000119  s__INITIALIZER                  

ASxxxx Linker V03.00 + NoICE + sdld,  page 2.
Hexadecimal  [32-Bits]

Area                                    Addr        Size        Decimal Bytes (Attributes)
--------------------------------        ----        ----        ------- ----- ------------
_CODE                               00000040    000000D8 =         216. bytes (REL,CON)

      Value  Global                              Global Defined In Module
      -----  --------------------------------   ------------------------
     00000040  _main                              main
     00000043  _initCPC                           game
     00000058  _init                              game
     0000005B  _run                               game
     0000006C  _processInput                      game
     0000006F  _update                            game
     00000070  _draw                              game
     00000071  _cpct_scanKeyboard_f               cpct_keyboard
     00000071  cpct_scanKeyboard_f_asm            cpct_keyboard
     000000DB  _cpct_setPALColour                 cpct_video
     000000E7  _cpct_keyboardStatusBuffer         cpct_keyboard
     000000F1  _cpct_waitVSYNC                    cpct_video
     000000F1  cpct_waitVSYNC_asm                 cpct_video
     000000F9  _cpct_setVideoMode                 cpct_video
     00000107  _cpct_disableFirmware              cpct_firmware
     00000107  _cpct_removeInterruptHandler       cpct_firmware
     00000107  cpct_disableFirmware_asm           cpct_firmware
     00000107  cpct_removeInterruptHandler_asm    cpct_firmware
     00000117  _cpct_mode_rom_status              cpct_firmware

ASxxxx Linker V03.00 + NoICE + sdld,  page 3.
Hexadecimal  [32-Bits]

Area                                    Addr        Size        Decimal Bytes (Attributes)
--------------------------------        ----        ----        ------- ----- ------------
_DATA                               00000118    00000001 =           1. bytes (REL,CON)

      Value  Global                              Global Defined In Module
      -----  --------------------------------   ------------------------
     00000118  _myGame                            game

ASxxxx Linker V03.00 + NoICE + sdld,  page 4.

Files Linked                              [ module(s) ]

obj/main.rel                              [ main ]
obj/game.rel                              [ game ]


Libraries Linked                          [ object file ]

/cygdrive/c/Librerias/cpctelera/cpctelera/cpctelera.lib
                                          [ cpct_scanKeyboard_f.rel ]
/cygdrive/c/Librerias/cpctelera/cpctelera/cpctelera.lib
                                          [ cpct_setPALColour_cbindings.rel ]
/cygdrive/c/Librerias/cpctelera/cpctelera/cpctelera.lib
                                          [ keyboard.rel ]
/cygdrive/c/Librerias/cpctelera/cpctelera/cpctelera.lib
                                          [ cpct_waitVSYNC.rel ]
/cygdrive/c/Librerias/cpctelera/cpctelera/cpctelera.lib
                                          [ cpct_setVideoMode_cbindings.rel ]
/cygdrive/c/Librerias/cpctelera/cpctelera/cpctelera.lib
                                          [ cpct_removeInterruptHandler.rel ]
/cygdrive/c/Librerias/cpctelera/cpctelera/cpctelera.lib
                                          [ cpc_mode_rom_status.rel ]

ASxxxx Linker V03.00 + NoICE + sdld,  page 5.

User Base Address Definitions

_CODE = 0x0040
_DATA = 0x0000

