ASxxxx Linker V03.00 + NoICE + sdld,  page 1.
Hexadecimal  [32-Bits]

Area                                    Addr        Size        Decimal Bytes (Attributes)
--------------------------------        ----        ----        ------- ----- ------------
.  .ABS.                            00000000    00000000 =           0. bytes (ABS,CON)

      Value  Global                              Global Defined In Module
      -----  --------------------------------   ------------------------
     00000000  .__.ABS.                           cpct_video
     00000000  l__CABS                         
     00000000  l__DABS                         
     00000000  l__DATA                         
     00000000  l__GSFINAL                      
     00000000  l__GSINIT                       
     00000000  l__HOME                         
     00000000  l__INITIALIZED                  
     00000000  l__INITIALIZER                  
     00000000  s__CABS                         
     00000000  s__DABS                         
     0000011F  l__CODE                         
     00004000  s__CODE                         
     0000411F  s__DATA                         
     0000411F  s__GSFINAL                      
     0000411F  s__GSINIT                       
     0000411F  s__HOME                         
     0000411F  s__INITIALIZED                  
     0000411F  s__INITIALIZER                  

ASxxxx Linker V03.00 + NoICE + sdld,  page 2.
Hexadecimal  [32-Bits]

Area                                    Addr        Size        Decimal Bytes (Attributes)
--------------------------------        ----        ----        ------- ----- ------------
_CODE                               00004000    0000011F =         287. bytes (REL,CON)

      Value  Global                              Global Defined In Module
      -----  --------------------------------   ------------------------
     00004000  _main                              main
     00004043  _cpct_drawStringM1                 cpct_strings
     0000404B  cpct_drawStringM1_asm              cpct_strings
     00004065  _cpct_drawCharM1                   cpct_strings
     00004072  cpct_drawCharM1_asm                cpct_strings
     000040EC  dc_mode1_ct                        
     000040F0  _cpct_memset                       cpct_memutils
     000040FE  _cpct_mode_rom_status              cpct_firmware
     000040FF  _cpct_getScreenPtr                 cpct_video
ASxxxx Linker V03.00 + NoICE + sdld,  page 3.

Files Linked                              [ module(s) ]

obj/main.rel                              [ main ]


Libraries Linked                          [ object file ]

/cygdrive/c/Librerias/cpctelera/cpctelera/cpctelera.lib
                                          [ cpct_drawStringM1.rel ]
/cygdrive/c/Librerias/cpctelera/cpctelera/cpctelera.lib
                                          [ cpct_drawCharM1.rel ]
/cygdrive/c/Librerias/cpctelera/cpctelera/cpctelera.lib
                                          [ cpct_dc_mode1_ct.rel ]
/cygdrive/c/Librerias/cpctelera/cpctelera/cpctelera.lib
                                          [ cpct_memset_cbinding.rel ]
/cygdrive/c/Librerias/cpctelera/cpctelera/cpctelera.lib
                                          [ cpc_mode_rom_status.rel ]
/cygdrive/c/Librerias/cpctelera/cpctelera/cpctelera.lib
                                          [ cpct_getScreenPtr_cbindings.rel ]

ASxxxx Linker V03.00 + NoICE + sdld,  page 4.

User Base Address Definitions

_CODE = 0x4000
_DATA = 0x0000

